// Jest Snapshot v1, https://goo.gl/fbAQLP

exports[`BreadcrumbsCategoryList BreadcrumbsCategoryList) 1`] = `<DocumentFragment />`;
