// Jest Snapshot v1, https://goo.gl/fbAQLP

exports[`AdsenseScript AdsenseScript) 1`] = `<DocumentFragment />`;
