// Jest Snapshot v1, https://goo.gl/fbAQLP

exports[`InFeed スナップショット（InFeed) 1`] = `
<DocumentFragment>
  <div>
    <ins
      class="adsbygoogle"
      data-ad-client="ca-pub-1705865999592590"
      data-ad-format="fluid"
      data-ad-layout-key="-5k+co+1n-b5+e3"
      data-ad-slot="00000"
      data-full-width-responsive="true"
      style="display: block; width: 100%;"
    />
  </div>
</DocumentFragment>
`;
