// Jest Snapshot v1, https://goo.gl/fbAQLP

exports[`Header スナップショット（Header） 1`] = `
<DocumentFragment>
  <header
    class="header fixed top-0 left-0 w-full bg-white z-30"
  >
    <nav
      aria-label="Global"
      class="mx-auto flex max-w-7xl items-center justify-between p-6 lg:px-8"
    >
      <a
        class="-m-1.5 p-1.5 hover:scale-110 transition-transform"
        href="/"
      >
        <span
          class="sr-only"
        >
          Your Company
        </span>
        <img
          alt="ブログタイトル"
          data-nimg="1"
          decoding="async"
          height="30"
          loading="lazy"
          src="/_next/image?url=%2Fimages%2Fblog%2Ftitle.webp&w=384&q=75"
          srcset="/_next/image?url=%2Fimages%2Fblog%2Ftitle.webp&w=256&q=75 1x, /_next/image?url=%2Fimages%2Fblog%2Ftitle.webp&w=384&q=75 2x"
          style="color: transparent;"
          width="165"
        />
      </a>
      <div
        class="flex lg:hidden"
      >
        <button
          class="-m-2.5 inline-flex items-center justify-center rounded-md p-2.5 text-gray-700"
          type="button"
        >
          <span
            class="sr-only"
          >
            Open main menu
          </span>
          <svg
            aria-hidden="true"
            class="h-6 w-6"
            data-slot="icon"
            fill="none"
            stroke="currentColor"
            stroke-width="1.5"
            viewBox="0 0 24 24"
            xmlns="http://www.w3.org/2000/svg"
          >
            <path
              d="M3.75 6.75h16.5M3.75 12h16.5m-16.5 5.25h16.5"
              stroke-linecap="round"
              stroke-linejoin="round"
            />
          </svg>
        </button>
      </div>
      <div
        class="hidden lg:flex lg:gap-x-12"
      >
        <a
          class="flex text-sm leading-6 text-gray-900 hover:text-blue-500"
          href="/"
        >
          <svg
            aria-hidden="true"
            class="h-5 w-5 mr-2"
            data-slot="icon"
            fill="currentColor"
            viewBox="0 0 24 24"
            xmlns="http://www.w3.org/2000/svg"
          >
            <path
              d="M11.47 3.841a.75.75 0 0 1 1.06 0l8.69 8.69a.75.75 0 1 0 1.06-1.061l-8.689-8.69a2.25 2.25 0 0 0-3.182 0l-8.69 8.69a.75.75 0 1 0 1.061 1.06l8.69-8.689Z"
            />
            <path
              d="m12 5.432 8.159 8.159c.03.03.06.058.091.086v6.198c0 1.035-.84 1.875-1.875 1.875H15a.75.75 0 0 1-.75-.75v-4.5a.75.75 0 0 0-.75-.75h-3a.75.75 0 0 0-.75.75V21a.75.75 0 0 1-.75.75H5.625a1.875 1.875 0 0 1-1.875-1.875v-6.198a2.29 2.29 0 0 0 .091-.086L12 5.432Z"
            />
          </svg>
          ホーム
        </a>
        <a
          class="flex text-sm leading-6 text-gray-900 hover:text-blue-500"
          href="/profile"
        >
          <svg
            aria-hidden="true"
            class="h-5 w-5 mr-2"
            data-slot="icon"
            fill="currentColor"
            viewBox="0 0 24 24"
            xmlns="http://www.w3.org/2000/svg"
          >
            <path
              clip-rule="evenodd"
              d="M18.685 19.097A9.723 9.723 0 0 0 21.75 12c0-5.385-4.365-9.75-9.75-9.75S2.25 6.615 2.25 12a9.723 9.723 0 0 0 3.065 7.097A9.716 9.716 0 0 0 12 21.75a9.716 9.716 0 0 0 6.685-2.653Zm-12.54-1.285A7.486 7.486 0 0 1 12 15a7.486 7.486 0 0 1 5.855 2.812A8.224 8.224 0 0 1 12 20.25a8.224 8.224 0 0 1-5.855-2.438ZM15.75 9a3.75 3.75 0 1 1-7.5 0 3.75 3.75 0 0 1 7.5 0Z"
              fill-rule="evenodd"
            />
          </svg>
          プロフィール
        </a>
        <a
          class="flex text-sm leading-6 text-gray-900 hover:text-blue-500"
          href="/contact"
        >
          <svg
            aria-hidden="true"
            class="h-5 w-5 mr-2"
            data-slot="icon"
            fill="currentColor"
            viewBox="0 0 24 24"
            xmlns="http://www.w3.org/2000/svg"
          >
            <path
              d="M1.5 8.67v8.58a3 3 0 0 0 3 3h15a3 3 0 0 0 3-3V8.67l-8.928 5.493a3 3 0 0 1-3.144 0L1.5 8.67Z"
            />
            <path
              d="M22.5 6.908V6.75a3 3 0 0 0-3-3h-15a3 3 0 0 0-3 3v.158l9.714 5.978a1.5 1.5 0 0 0 1.572 0L22.5 6.908Z"
            />
          </svg>
          お問い合わせ
        </a>
        <div
          class="relative"
          data-headlessui-state=""
        >
          <button
            aria-expanded="false"
            class="flex items-center text-sm font-medium text-gray-900 hover:text-blue-500 focus:outline-none"
            data-headlessui-state=""
            id="headlessui-popover-button-:r2:"
            type="button"
          >
            <svg
              aria-hidden="true"
              class="h-5 w-5 mr-2"
              data-slot="icon"
              fill="currentColor"
              viewBox="0 0 24 24"
              xmlns="http://www.w3.org/2000/svg"
            >
              <path
                d="M19.5 21a3 3 0 0 0 3-3v-4.5a3 3 0 0 0-3-3h-15a3 3 0 0 0-3 3V18a3 3 0 0 0 3 3h15ZM1.5 10.146V6a3 3 0 0 1 3-3h5.379a2.25 2.25 0 0 1 1.59.659l2.122 2.121c.14.141.331.22.53.22H19.5a3 3 0 0 1 3 3v1.146A4.483 4.483 0 0 0 19.5 9h-15a4.483 4.483 0 0 0-3 1.146Z"
              />
            </svg>
            カテゴリー
            <svg
              aria-hidden="true"
              class="ml-1 h-5 w-5 text-gray-400"
              data-slot="icon"
              fill="none"
              stroke="currentColor"
              stroke-width="1.5"
              viewBox="0 0 24 24"
              xmlns="http://www.w3.org/2000/svg"
            >
              <path
                d="m19.5 8.25-7.5 7.5-7.5-7.5"
                stroke-linecap="round"
                stroke-linejoin="round"
              />
            </svg>
          </button>
        </div>
      </div>
    </nav>
  </header>
</DocumentFragment>
`;
