// Jest Snapshot v1, https://goo.gl/fbAQLP

exports[`Archive スナップショット（Archive） 1`] = `
<DocumentFragment>
  <div
    class="bg-white pt-8 px-4 border border-gray-300 py-5 mt-5"
  >
    <h1
      class="profile text-2xl text-center font-semibold flex justify-center"
    >
      <svg
        aria-hidden="true"
        class="h-8 w-8 mr-2"
        data-slot="icon"
        fill="currentColor"
        viewBox="0 0 24 24"
        xmlns="http://www.w3.org/2000/svg"
      >
        <path
          d="M12.75 12.75a.75.75 0 1 1-1.5 0 .75.75 0 0 1 1.5 0ZM7.5 15.75a.75.75 0 1 0 0-1.5.75.75 0 0 0 0 1.5ZM8.25 17.25a.75.75 0 1 1-1.5 0 .75.75 0 0 1 1.5 0ZM9.75 15.75a.75.75 0 1 0 0-1.5.75.75 0 0 0 0 1.5ZM10.5 17.25a.75.75 0 1 1-1.5 0 .75.75 0 0 1 1.5 0ZM12 15.75a.75.75 0 1 0 0-1.5.75.75 0 0 0 0 1.5ZM12.75 17.25a.75.75 0 1 1-1.5 0 .75.75 0 0 1 1.5 0ZM14.25 15.75a.75.75 0 1 0 0-1.5.75.75 0 0 0 0 1.5ZM15 17.25a.75.75 0 1 1-1.5 0 .75.75 0 0 1 1.5 0ZM16.5 15.75a.75.75 0 1 0 0-1.5.75.75 0 0 0 0 1.5ZM15 12.75a.75.75 0 1 1-1.5 0 .75.75 0 0 1 1.5 0ZM16.5 13.5a.75.75 0 1 0 0-1.5.75.75 0 0 0 0 1.5Z"
        />
        <path
          clip-rule="evenodd"
          d="M6.75 2.25A.75.75 0 0 1 7.5 3v1.5h9V3A.75.75 0 0 1 18 3v1.5h.75a3 3 0 0 1 3 3v11.25a3 3 0 0 1-3 3H5.25a3 3 0 0 1-3-3V7.5a3 3 0 0 1 3-3H6V3a.75.75 0 0 1 .75-.75Zm13.5 9a1.5 1.5 0 0 0-1.5-1.5H5.25a1.5 1.5 0 0 0-1.5 1.5v7.5a1.5 1.5 0 0 0 1.5 1.5h13.5a1.5 1.5 0 0 0 1.5-1.5v-7.5Z"
          fill-rule="evenodd"
        />
      </svg>
      アーカイブ
    </h1>
    <div
      class="relative mt-5"
      data-headlessui-state=""
    >
      <button
        aria-expanded="false"
        aria-haspopup="listbox"
        class="relative w-full cursor-default rounded-md bg-white py-1.5 pl-3 pr-10 text-left text-gray-900 shadow-sm ring-1 ring-inset ring-gray-300 focus:outline-none focus:ring-2 focus:ring-indigo-600 sm:text-sm sm:leading-6"
        data-headlessui-state=""
        id="headlessui-listbox-button-:r2:"
        style="height: 40px;"
        type="button"
      >
        <span
          class="block truncate"
          style="font-size: 18px;"
        >
          アーカイブを選択
        </span>
        <span
          class="pointer-events-none absolute inset-y-0 right-0 flex items-center pr-2"
        >
          <svg
            aria-hidden="true"
            class="h-7 w-7 text-gray-400"
            data-slot="icon"
            fill="currentColor"
            viewBox="0 0 24 24"
            xmlns="http://www.w3.org/2000/svg"
          >
            <path
              clip-rule="evenodd"
              d="M11.47 4.72a.75.75 0 0 1 1.06 0l3.75 3.75a.75.75 0 0 1-1.06 1.06L12 6.31 8.78 9.53a.75.75 0 0 1-1.06-1.06l3.75-3.75Zm-3.75 9.75a.75.75 0 0 1 1.06 0L12 17.69l3.22-3.22a.75.75 0 1 1 1.06 1.06l-3.75 3.75a.75.75 0 0 1-1.06 0l-3.75-3.75a.75.75 0 0 1 0-1.06Z"
              fill-rule="evenodd"
            />
          </svg>
        </span>
      </button>
    </div>
  </div>
</DocumentFragment>
`;
