// Jest Snapshot v1, https://goo.gl/fbAQLP

exports[`Search スナップショット（Search） 1`] = `
<DocumentFragment>
  <div
    class="pt-8 px-4 border py-5 LightTheme"
  >
    <h1
      class="profile text-2xl text-center font-semibold mb-5 flex justify-center"
    >
      <svg
        aria-hidden="true"
        class="h-8 w-8 mr-2"
        data-slot="icon"
        fill="currentColor"
        viewBox="0 0 24 24"
        xmlns="http://www.w3.org/2000/svg"
      >
        <path
          clip-rule="evenodd"
          d="M10.5 3.75a6.75 6.75 0 1 0 0 13.5 6.75 6.75 0 0 0 0-13.5ZM2.25 10.5a8.25 8.25 0 1 1 14.59 5.28l4.69 4.69a.75.75 0 1 1-1.06 1.06l-4.69-4.69A8.25 8.25 0 0 1 2.25 10.5Z"
          fill-rule="evenodd"
        />
      </svg>
      キーワードで探す
    </h1>
  </div>
</DocumentFragment>
`;
