// Jest Snapshot v1, https://goo.gl/fbAQLP

exports[`CategoryList CategoryList) 1`] = `<DocumentFragment />`;
