// Jest Snapshot v1, https://goo.gl/fbAQLP

exports[`CategoryListItem スナップショット(CategoryListItem) 1`] = `
<DocumentFragment>
  <a
    class="tag"
    href="/category/1"
  >
    <p
      class="tag"
    >
      example
    </p>
  </a>
</DocumentFragment>
`;
