// Jest Snapshot v1, https://goo.gl/fbAQLP

exports[`FixedSidebar スナップショット（FixedSidebar） 1`] = `
<DocumentFragment>
  <div
    class="lg:col-span-1 lg:w-full lg:h-full"
  >
    <div
      class="sidebar"
    >
      <div
        class="FirstAd mt-5"
      />
    </div>
  </div>
</DocumentFragment>
`;
