// Jest Snapshot v1, https://goo.gl/fbAQLP

exports[`Footer スナップショット（Footer） 1`] = `
<DocumentFragment>
  <footer
    class="footer w-full bg-white"
  >
    <div
      class="flex justify-center mt-20"
      style="background-color: rgb(217, 217, 217);"
    >
      <div
        style="position: relative; width: 700px;"
      >
        <img
          alt=""
          loading="lazy"
          src="/images/blog/mobilebanner.png"
          style="padding: 0px 12px;"
        />
        <div
          style="position: absolute; bottom: 10px; left: 15px; display: flex; justify-content: center; width: 45%;"
        >
          <a
            class="hover:shadow-xl transition-shadow duration-200 transform hover:-translate-y-1"
            href="https://apps.apple.com/jp/app/リアル大学生-モバイル/id6590619103"
            target="_blank"
          >
            <img
              alt="Download on the App Store"
              class="app-badge"
              src="/Download_on_the_App_Store_Badge_US-UK_RGB_blk_092917.svg"
              style="height: 40px;"
            />
          </a>
          <a
            class="app-badge-link hover:shadow-xl transition-shadow duration-200 transform hover:-translate-y-1"
            href="https://play.google.com/store/apps/details?id=com.realunivlog.flutterblogapp"
            style="margin-left: 10%;"
            target="_blank"
          >
            <img
              alt="Download on the Play Store"
              class="app-badge"
              src="/GetItOnGooglePlay_Badge_Web_color_English.png"
              style="height: 40px;"
            />
          </a>
        </div>
      </div>
    </div>
    <h2
      class="sr-only"
      id="footer-heading"
    >
      Footer
    </h2>
    <div
      class="mx-auto max-w-7xl px-6 pb-8 pt-16 sm:pt-24 lg:px-8 lg:pt-32"
    >
      <div
        class="xl:grid xl:grid-cols-3 xl:gap-8"
      >
        <div
          class="space-y-8"
        >
          <a
            class="underLogo"
            href="/"
          >
            <img
              alt="ブログタイトル"
              data-nimg="1"
              decoding="async"
              height="30"
              loading="lazy"
              src="/_next/image?url=%2Fimages%2Fblog%2Ftitle.webp&w=384&q=75"
              srcset="/_next/image?url=%2Fimages%2Fblog%2Ftitle.webp&w=256&q=75 1x, /_next/image?url=%2Fimages%2Fblog%2Ftitle.webp&w=384&q=75 2x"
              style="color: transparent;"
              width="165"
            />
          </a>
          <div
            class="flex space-x-6 underLogo"
          >
            <a
              class="text-gray-400 hover:text-blue-500"
              href="https://twitter.com/Aokumoblog"
              target="blank"
            >
              <span
                class="sr-only"
              >
                X
              </span>
              <svg
                aria-hidden="true"
                class="h-6 w-6"
                fill="currentColor"
                viewBox="0 0 24 24"
              >
                <path
                  d="M13.6823 10.6218L20.2391 3H18.6854L12.9921 9.61788L8.44486 3H3.2002L10.0765 13.0074L3.2002 21H4.75404L10.7663 14.0113L15.5685 21H20.8131L13.6819 10.6218H13.6823ZM11.5541 13.0956L10.8574 12.0991L5.31391 4.16971H7.70053L12.1742 10.5689L12.8709 11.5655L18.6861 19.8835H16.2995L11.5541 13.096V13.0956Z"
                />
              </svg>
            </a>
            <a
              class="text-gray-400 hover:text-blue-500"
              href="https://www.instagram.com/ao_realstudent/?hl=ja"
              target="blank"
            >
              <span
                class="sr-only"
              >
                Instagram
              </span>
              <svg
                aria-hidden="true"
                class="h-6 w-6"
                fill="currentColor"
                viewBox="0 0 24 24"
              >
                <path
                  clip-rule="evenodd"
                  d="M12.315 2c2.43 0 2.784.013 3.808.06 1.064.049 1.791.218 2.427.465a4.902 4.902 0 011.772 1.153 4.902 4.902 0 011.153 1.772c.247.636.416 1.363.465 2.427.048 1.067.06 1.407.06 4.123v.08c0 2.643-.012 2.987-.06 4.043-.049 1.064-.218 1.791-.465 2.427a4.902 4.902 0 01-1.153 1.772 4.902 4.902 0 01-1.772 1.153c-.636.247-1.363.416-2.427.465-1.067.048-1.407.06-4.123.06h-.08c-2.643 0-2.987-.012-4.043-.06-1.064-.049-1.791-.218-2.427-.465a4.902 4.902 0 01-1.772-1.153 4.902 4.902 0 01-1.153-1.772c-.247-.636-.416-1.363-.465-2.427-.047-1.024-.06-1.379-.06-3.808v-.63c0-2.43.013-2.784.06-3.808.049-1.064.218-1.791.465-2.427a4.902 4.902 0 011.153-1.772A4.902 4.902 0 015.45 2.525c.636-.247 1.363-.416 2.427-.465C8.901 2.013 9.256 2 11.685 2h.63zm-.081 1.802h-.468c-2.456 0-2.784.011-3.807.058-.975.045-1.504.207-1.857.344-.467.182-.8.398-1.15.748-.35.35-.566.683-.748 1.15-.137.353-.3.882-.344 1.857-.047 1.023-.058 1.351-.058 3.807v.468c0 2.456.011 2.784.058 3.807.045.975.207 1.504.344 1.857.182.466.399.8.748 1.15.35.35.683.566 1.15.748.353.137.882.3 1.857.344 1.054.048 1.37.058 4.041.058h.08c2.597 0 2.917-.01 3.96-.058.976-.045 1.505-.207 1.858-.344.466-.182.8-.398 1.15-.748.35-.35.566-.683.748-1.15.137-.353.3-.882.344-1.857.048-1.055.058-1.37.058-4.041v-.08c0-2.597-.01-2.917-.058-3.96-.045-.976-.207-1.505-.344-1.858a3.097 3.097 0 00-.748-1.15 3.098 3.098 0 00-1.15-.748c-.353-.137-.882-.3-1.857-.344-1.023-.047-1.351-.058-3.807-.058zM12 6.865a5.135 5.135 0 110 10.27 5.135 5.135 0 010-10.27zm0 1.802a3.333 3.333 0 100 6.666 3.333 3.333 0 000-6.666zm5.338-3.205a1.2 1.2 0 110 2.4 1.2 1.2 0 010-2.4z"
                  fill-rule="evenodd"
                />
              </svg>
            </a>
            <a
              class="text-gray-400 hover:text-blue-500"
              href="https://github.com/Arata1202"
              target="blank"
            >
              <span
                class="sr-only"
              >
                GitHub
              </span>
              <svg
                aria-hidden="true"
                class="h-6 w-6"
                fill="currentColor"
                viewBox="0 0 24 24"
              >
                <path
                  d="M12 0.297c-6.627 0-12 5.373-12 12 0 5.303 3.438 9.8 8.205 11.387 0.6 0.111 0.82-0.261 0.82-0.577 0-0.285-0.011-1.04-0.017-2.042-3.338 0.724-4.042-1.611-4.042-1.611-0.546-1.387-1.333-1.757-1.333-1.757-1.089-0.745 0.083-0.729 0.083-0.729 1.205 0.084 1.839 1.236 1.839 1.236 1.07 1.835 2.807 1.304 3.492 0.997 0.108-0.775 0.418-1.305 0.762-1.605-2.665-0.303-5.467-1.333-5.467-5.931 0-1.31 0.469-2.381 1.236-3.221-0.123-0.303-0.536-1.523 0.117-3.176 0 0 1.008-0.323 3.301 1.23 0.957-0.266 1.983-0.398 3.005-0.403 1.02 0.005 2.047 0.137 3.006 0.403 2.292-1.553 3.299-1.23 3.299-1.23 0.655 1.653 0.242 2.873 0.119 3.176 0.769 0.84 1.235 1.911 1.235 3.221 0 4.609-2.805 5.625-5.476 5.922 0.43 0.371 0.814 1.103 0.814 2.222 0 1.606-0.014 2.896-0.014 3.287 0 0.32 0.217 0.694 0.825 0.576 4.765-1.589 8.199-6.085 8.199-11.386 0-6.627-5.373-12-12-12z"
                />
              </svg>
            </a>
          </div>
        </div>
        <div
          class="mt-16 grid grid-cols-2 gap-8 xl:col-span-2 xl:mt-0"
        >
          <div
            class="md:grid md:grid-cols-2 md:gap-8"
          >
            <div
              class="footerMenu"
            >
              <h1
                class="text-sm font-semibold leading-6 text-gray-900"
              >
                ブログについて
              </h1>
              <ul
                class="mt-6 space-y-4"
                role="list"
              >
                <li>
                  <a
                    class="text-sm leading-6 text-gray-600 hover:text-blue-500"
                    href="/profile"
                  >
                    プロフィール
                  </a>
                </li>
                <li>
                  <a
                    class="text-sm leading-6 text-gray-600 hover:text-blue-500"
                    href="/sitemap"
                  >
                    サイトマップ
                  </a>
                </li>
              </ul>
            </div>
            <div
              class="mt-10 md:mt-0 footerMenu"
            >
              <h1
                class="text-sm font-semibold leading-6 text-gray-900"
              >
                カテゴリー
              </h1>
              <ul
                class="mt-6 space-y-4"
                role="list"
              >
                <li>
                  <a
                    class="text-sm leading-6 text-gray-600 hover:text-blue-500"
                    href="/category/university"
                  >
                    大学生活
                  </a>
                </li>
                <li>
                  <a
                    class="text-sm leading-6 text-gray-600 hover:text-blue-500"
                    href="/category/programming"
                  >
                    プログラミング
                  </a>
                </li>
                <li>
                  <a
                    class="text-sm leading-6 text-gray-600 hover:text-blue-500"
                    href="/category/travel"
                  >
                    旅行
                  </a>
                </li>
                <li>
                  <a
                    class="text-sm leading-6 text-gray-600 hover:text-blue-500"
                    href="/category/blog"
                  >
                    ブログ
                  </a>
                </li>
              </ul>
            </div>
          </div>
          <div
            class="md:grid md:grid-cols-2 md:gap-8 footerMenu"
          >
            <div>
              <h1
                class="text-sm font-semibold leading-6 text-gray-900"
              >
                利用規約
              </h1>
              <ul
                class="mt-6 space-y-4"
                role="list"
              >
                <li>
                  <a
                    class="text-sm leading-6 text-gray-600 hover:text-blue-500"
                    href="/privacy"
                  >
                    プライバシーポリシー
                  </a>
                </li>
                <li>
                  <a
                    class="text-sm leading-6 text-gray-600 hover:text-blue-500"
                    href="/disclaimer"
                  >
                    免責事項
                  </a>
                </li>
                <li>
                  <a
                    class="text-sm leading-6 text-gray-600 hover:text-blue-500"
                    href="/copyright"
                  >
                    著作権
                  </a>
                </li>
                <li>
                  <a
                    class="text-sm leading-6 text-gray-600 hover:text-blue-500"
                    href="/link"
                  >
                    リンク
                  </a>
                </li>
              </ul>
            </div>
            <div
              class="mt-10 md:mt-0 footerMenu"
            >
              <h1
                class="text-sm font-semibold leading-6 text-gray-900"
              >
                お問い合わせ
              </h1>
              <ul
                class="mt-6 space-y-4"
                role="list"
              >
                <li>
                  <a
                    class="text-sm leading-6 text-gray-600 hover:text-blue-500"
                    href="/contact"
                  >
                    お問い合わせ
                  </a>
                </li>
              </ul>
            </div>
          </div>
        </div>
      </div>
      <div
        class="mt-16 border-t border-gray-900/10 pt-8 sm:mt-20 lg:mt-24"
      >
        <h1
          class="text-xs leading-5 text-gray-500"
        >
          Copyright © 2024 リアル大学生 All Rights Reserved.
        </h1>
      </div>
    </div>
  </footer>
</DocumentFragment>
`;
