// Jest Snapshot v1, https://goo.gl/fbAQLP

exports[`Pagination スナップショット（Pagination） 1`] = `
<DocumentFragment>
  <ul
    class="container"
  >
    <li
      class="list"
    >
      <span
        aria-current="page"
        class="item current"
      >
        1
      </span>
    </li>
    <li
      class="list"
    >
      <a
        href="/p/2"
      >
        <p
          class="item"
        >
          2
        </p>
      </a>
    </li>
    <li
      class="list"
    >
      <a
        href="/p/3"
      >
        <p
          class="item"
        >
          3
        </p>
      </a>
    </li>
    <li
      class="list"
    >
      <a
        href="/p/4"
      >
        <p
          class="item"
        >
          4
        </p>
      </a>
    </li>
    <li
      class="list"
    >
      <a
        href="/p/5"
      >
        <p
          class="item"
        >
          5
        </p>
      </a>
    </li>
    <li
      class="list"
    >
      <a
        href="/p/6"
      >
        <p
          class="item"
        >
          6
        </p>
      </a>
    </li>
    <li
      class="list"
    >
      <a
        href="/p/7"
      >
        <p
          class="item"
        >
          7
        </p>
      </a>
    </li>
    <li
      class="list"
    >
      <a
        href="/p/8"
      >
        <p
          class="item"
        >
          8
        </p>
      </a>
    </li>
    <li
      class="list"
    >
      <a
        href="/p/9"
      >
        <p
          class="item"
        >
          9
        </p>
      </a>
    </li>
    <li
      class="list"
    >
      <a
        href="/p/10"
      >
        <p
          class="item"
        >
          10
        </p>
      </a>
    </li>
  </ul>
</DocumentFragment>
`;
