// Jest Snapshot v1, https://goo.gl/fbAQLP

exports[`ArticleList スナップショット(ArticleList) 1`] = `
<DocumentFragment>
  <div
    class="max-w-[85rem] sm:px-6 lg:px-8 mx-auto"
  >
    <div
      class="grid lg:grid-cols-3 gap-y-8 lg:gap-y-0 lg:gap-x-6"
    >
      <div
        class="lg:col-span-2"
      >
        <div
          class="text-center pt-7"
        >
          <h1
            class="mt-4 text-3xl font-bold tracking-tight sm:text-5xl LightTheme"
          >
            記事はまだありません
          </h1>
        </div>
      </div>
    </div>
  </div>
</DocumentFragment>
`;
