// Jest Snapshot v1, https://goo.gl/fbAQLP

exports[`ArticleListItem スナップショット(ArticleListItem) 1`] = `
<DocumentFragment>
  <li
    class="list"
  >
    <a
      class="link p-2 border border-gray-300 shadow-lg hover:shadow-xl transition-shadow duration-200 transform hover:-translate-y-1"
      href="/articles/1"
    >
      <picture>
        <source
          media="(max-width: 640px)"
          srcset="https://thumbnail.com/thumbnail.jpg?fm=webp&w=414 1x, https://thumbnail.com/thumbnail.jpg?fm=webp&w=414&dpr=2 2x"
          type="image/webp"
        />
        <source
          srcset="https://thumbnail.com/thumbnail.jpg?fm=webp&fit=crop&w=240&h=126 1x, https://thumbnail.com/thumbnail.jpg?fm=webp&fit=crop&w=240&h=126&dpr=2 2x"
          type="image/webp"
        />
        <img
          alt="サムネイル"
          class="image"
          data-nimg="1"
          decoding="async"
          height="300"
          loading="lazy"
          src="/_next/image?url=https%3A%2F%2Fthumbnail.com%2Fthumbnail.jpg&w=1200&q=75"
          srcset="/_next/image?url=https%3A%2F%2Fthumbnail.com%2Fthumbnail.jpg&w=640&q=75 1x, /_next/image?url=https%3A%2F%2Fthumbnail.com%2Fthumbnail.jpg&w=1200&q=75 2x"
          style="color: transparent; background-size: cover; background-position: 50% 50%; background-repeat: no-repeat;"
          width="600"
        />
      </picture>
      <div
        class="content"
      >
        <div
          class="title"
        >
          タイトル
        </div>
        <div
          class="description"
        >
          概要
        </div>
        <div
          class="date"
        >
          <svg
            aria-hidden="true"
            class="h-5 w-5 mr-2 mt-4"
            data-slot="icon"
            fill="none"
            stroke="currentColor"
            stroke-width="1.5"
            viewBox="0 0 24 24"
            xmlns="http://www.w3.org/2000/svg"
          >
            <path
              d="M2.25 12.75V12A2.25 2.25 0 0 1 4.5 9.75h15A2.25 2.25 0 0 1 21.75 12v.75m-8.69-6.44-2.12-2.12a1.5 1.5 0 0 0-1.061-.44H4.5A2.25 2.25 0 0 0 2.25 6v12a2.25 2.25 0 0 0 2.25 2.25h15A2.25 2.25 0 0 0 21.75 18V9a2.25 2.25 0 0 0-2.25-2.25h-5.379a1.5 1.5 0 0 1-1.06-.44Z"
              stroke-linecap="round"
              stroke-linejoin="round"
            />
          </svg>
              
        </div>
      </div>
    </a>
  </li>
</DocumentFragment>
`;
